// Jest Snapshot v1, https://goo.gl/fbAQLP

exports[`Prueba en GifGridItem Debe mostrar el componente correctamente 1`] = `
<div
  className="card animate__animated animate__pulse"
>
  <img
    alt="Titulo"
    src="http://google"
  />
  <p>
    Titulo
  </p>
</div>
`;
